>python TextChecker.py -x --lang=hu tests/hutest1.txt
<errors>
<error from="24" to="31"><message>En utan egyes szam elso szemely</message></error>
<error from="40" to="49"><message>Te utan egyes szam masodik szemely</message></error>
<error from="93" to="105"><message>Ti es fonevi igenev utan tobbes szam masodik szemelyu ige</message></error>
<error from="107" to="114"><message>Ok utan tobbes szam harmadik szemely</message></error>
</errors>

>python TextChecker.py -x --lang=hu tests/hutest2.txt
<errors>
<error from="0" to="2"><message>Dr utan pontot kell tenni</message></error>
<error from="83" to="96"><message>Tobbesszamu fonev utan ige tobbesszam</message></error>
<error from="101" to="115"><message>Egyesszamu fonev utan ige egyesszam</message></error>
<error from="122" to="133"><message>Melleknev hatarozo helyett</message></error>
<error from="142" to="148"><message>Melleknev hatarozo helyett</message></error>
<error from="207" to="215"><message>Vesszo ige utan bar,noha elott</message></error>
<error from="196" to="210"><message>Tobbesszamu fonev utan ige tobbesszam</message></error>
<error from="177" to="186"><message>Szam utan egyesszamu fonev</message></error>
<error from="188" to="205"><message>Szam utan egyesszamu fonev</message></error>
<error from="163" to="175"><message>Melleknev hatarozo helyett</message></error>
<error from="228" to="239"><message>igekotos segedige</message></error>
</errors>

